// Jest Snapshot v1, https://goo.gl/fbAQLP

exports[`Renders correctly Layout 1`] = `
<div>
  <ul
    class="ant-menu-overflow ant-menu ant-menu-root ant-menu-horizontal ant-menu-light css-dev-only-do-not-override-ph9edi"
    data-menu-list="true"
    role="menu"
    style="display: flex; justify-content: end; background-color: rgb(67, 67, 68); color: white;"
    tabindex="0"
  >
    <li
      class="ant-menu-overflow-item ant-menu-item"
      data-menu-id="rc-menu-uuid-test-home"
      role="menuitem"
      style="opacity: 1; order: 0;"
      tabindex="-1"
    >
      <span
        aria-label="home"
        class="anticon anticon-home ant-menu-item-icon"
        role="img"
      >
        <svg
          aria-hidden="true"
          data-icon="home"
          fill="currentColor"
          focusable="false"
          height="1em"
          viewBox="64 64 896 896"
          width="1em"
        >
          <path
            d="M946.5 505L560.1 118.8l-25.9-25.9a31.5 31.5 0 00-44.4 0L77.5 505a63.9 63.9 0 00-18.8 46c.4 35.2 29.7 63.3 64.9 63.3h42.5V940h691.8V614.3h43.4c17.1 0 33.2-6.7 45.3-18.8a63.6 63.6 0 0018.7-45.3c0-17-6.7-33.1-18.8-45.2zM568 868H456V664h112v204zm217.9-325.7V868H632V640c0-22.1-17.9-40-40-40H432c-22.1 0-40 17.9-40 40v228H238.1V542.3h-96l370-369.7 23.1 23.1L882 542.3h-96.1z"
          />
        </svg>
      </span>
      <span
        class="ant-menu-title-content"
      >
        Inicio
      </span>
    </li>
    <li
      class="ant-menu-overflow-item ant-menu-item"
      role="menuitem"
      style="opacity: 1; order: 1;"
      tabindex="-1"
    >
      <span
        aria-label="shopping-cart"
        class="anticon anticon-shopping-cart ant-menu-item-icon"
        role="img"
      >
        <svg
          aria-hidden="true"
          data-icon="shopping-cart"
          fill="currentColor"
          focusable="false"
          height="1em"
          viewBox="0 0 1024 1024"
          width="1em"
        >
          <path
            d="M922.9 701.9H327.4l29.9-60.9 496.8-.9c16.8 0 31.2-12 34.2-28.6l68.8-385.1c1.8-10.1-.9-20.5-7.5-28.4a34.99 34.99 0 00-26.6-12.5l-632-2.1-5.4-25.4c-3.4-16.2-18-28-34.6-28H96.5a35.3 35.3 0 100 70.6h125.9L246 312.8l58.1 281.3-74.8 122.1a34.96 34.96 0 00-3 36.8c6 11.9 18.1 19.4 31.5 19.4h62.8a102.43 102.43 0 00-20.6 61.7c0 56.6 46 102.6 102.6 102.6s102.6-46 102.6-102.6c0-22.3-7.4-44-20.6-61.7h161.1a102.43 102.43 0 00-20.6 61.7c0 56.6 46 102.6 102.6 102.6s102.6-46 102.6-102.6c0-22.3-7.4-44-20.6-61.7H923c19.4 0 35.3-15.8 35.3-35.3a35.42 35.42 0 00-35.4-35.2zM305.7 253l575.8 1.9-56.4 315.8-452.3.8L305.7 253zm96.9 612.7c-17.4 0-31.6-14.2-31.6-31.6 0-17.4 14.2-31.6 31.6-31.6s31.6 14.2 31.6 31.6a31.6 31.6 0 01-31.6 31.6zm325.1 0c-17.4 0-31.6-14.2-31.6-31.6 0-17.4 14.2-31.6 31.6-31.6s31.6 14.2 31.6 31.6a31.6 31.6 0 01-31.6 31.6z"
          />
        </svg>
      </span>
      <span
        class="ant-menu-title-content"
      >
        Carrito 0
      </span>
    </li>
    <li
      class="ant-menu-overflow-item ant-menu-submenu ant-menu-submenu-horizontal"
      role="none"
      style="opacity: 1; order: 2;"
    >
      <div
        aria-controls="rc-menu-uuid-test-SubMenu-popup"
        aria-expanded="false"
        aria-haspopup="true"
        class="ant-menu-submenu-title"
        role="menuitem"
        tabindex="-1"
      >
        <span
          aria-label="team"
          class="anticon anticon-team ant-menu-item-icon"
          role="img"
        >
          <svg
            aria-hidden="true"
            data-icon="team"
            fill="currentColor"
            focusable="false"
            height="1em"
            viewBox="64 64 896 896"
            width="1em"
          >
            <path
              d="M824.2 699.9a301.55 301.55 0 00-86.4-60.4C783.1 602.8 812 546.8 812 484c0-110.8-92.4-201.7-203.2-200-109.1 1.7-197 90.6-197 200 0 62.8 29 118.8 74.2 155.5a300.95 300.95 0 00-86.4 60.4C345 754.6 314 826.8 312 903.8a8 8 0 008 8.2h56c4.3 0 7.9-3.4 8-7.7 1.9-58 25.4-112.3 66.7-153.5A226.62 226.62 0 01612 684c60.9 0 118.2 23.7 161.3 66.8C814.5 792 838 846.3 840 904.3c.1 4.3 3.7 7.7 8 7.7h56a8 8 0 008-8.2c-2-77-33-149.2-87.8-203.9zM612 612c-34.2 0-66.4-13.3-90.5-37.5a126.86 126.86 0 01-37.5-91.8c.3-32.8 13.4-64.5 36.3-88 24-24.6 56.1-38.3 90.4-38.7 33.9-.3 66.8 12.9 91 36.6 24.8 24.3 38.4 56.8 38.4 91.4 0 34.2-13.3 66.3-37.5 90.5A127.3 127.3 0 01612 612zM361.5 510.4c-.9-8.7-1.4-17.5-1.4-26.4 0-15.9 1.5-31.4 4.3-46.5.7-3.6-1.2-7.3-4.5-8.8-13.6-6.1-26.1-14.5-36.9-25.1a127.54 127.54 0 01-38.7-95.4c.9-32.1 13.8-62.6 36.3-85.6 24.7-25.3 57.9-39.1 93.2-38.7 31.9.3 62.7 12.6 86 34.4 7.9 7.4 14.7 15.6 20.4 24.4 2 3.1 5.9 4.4 9.3 3.2 17.6-6.1 36.2-10.4 55.3-12.4 5.6-.6 8.8-6.6 6.3-11.6-32.5-64.3-98.9-108.7-175.7-109.9-110.9-1.7-203.3 89.2-203.3 199.9 0 62.8 28.9 118.8 74.2 155.5-31.8 14.7-61.1 35-86.5 60.4-54.8 54.7-85.8 126.9-87.8 204a8 8 0 008 8.2h56.1c4.3 0 7.9-3.4 8-7.7 1.9-58 25.4-112.3 66.7-153.5 29.4-29.4 65.4-49.8 104.7-59.7 3.9-1 6.5-4.7 6-8.7z"
            />
          </svg>
        </span>
        <span
          class="ant-menu-title-content"
        />
        <i
          class="ant-menu-submenu-arrow"
        />
      </div>
    </li>
    <li
      aria-hidden="true"
      class="ant-menu-overflow-item ant-menu-overflow-item-rest ant-menu-submenu ant-menu-submenu-horizontal"
      role="none"
      style="opacity: 0; height: 0px; overflow-y: hidden; order: 9007199254740991; pointer-events: none; position: absolute;"
    >
      <div
        aria-controls="rc-menu-uuid-test-rc-menu-more-popup"
        aria-expanded="false"
        aria-haspopup="true"
        class="ant-menu-submenu-title"
        data-menu-id="rc-menu-uuid-test-rc-menu-more"
        role="menuitem"
        tabindex="-1"
      >
        <span
          aria-label="ellipsis"
          class="anticon anticon-ellipsis"
          role="img"
        >
          <svg
            aria-hidden="true"
            data-icon="ellipsis"
            fill="currentColor"
            focusable="false"
            height="1em"
            viewBox="64 64 896 896"
            width="1em"
          >
            <path
              d="M176 511a56 56 0 10112 0 56 56 0 10-112 0zm280 0a56 56 0 10112 0 56 56 0 10-112 0zm280 0a56 56 0 10112 0 56 56 0 10-112 0z"
            />
          </svg>
        </span>
        <i
          class="ant-menu-submenu-arrow"
        />
      </div>
    </li>
  </ul>
  <div
    aria-hidden="true"
    style="display: none;"
  />
</div>
`;
