// Jest Snapshot v1, https://goo.gl/fbAQLP

exports[`Renders correctly page notfound 1`] = `
<div>
  <div
    style="display: flex; justify-content: center; align-items: center;"
  >
    <h1>
      404! Pagina no encontrada
    </h1>
  </div>
</div>
`;
